../Core/Src/main.c:299:6:HAL_TIM_OC_DelayElapsedCallback	16	static
../Core/Src/main.c:314:6:HAL_CAN_RxFifo0MsgPendingCallback	72	static,ignoring_inline_asm
../Core/Src/main.c:344:6:HAL_CAN_RxFifo1MsgPendingCallback	72	static,ignoring_inline_asm
../Core/Src/main.c:375:6:vTimerCallback	16	static
../Core/Src/main.c:387:5:main	48	static,ignoring_inline_asm
../Core/Src/main.c:498:6:SystemClock_Config	88	static
../Core/Src/main.c:546:13:MX_ADC1_Init	24	static
../Core/Src/main.c:625:13:MX_CAN1_Init	8	static
../Core/Src/main.c:662:13:MX_CAN2_Init	8	static
../Core/Src/main.c:699:13:MX_TIM1_Init	112	static
../Core/Src/main.c:778:13:MX_TIM8_Init	112	static
../Core/Src/main.c:858:13:MX_GPIO_Init	48	static
../Core/Src/main.c:920:6:vApplicationIdleHook	4	static
../Core/Src/main.c:926:6:Task1_Handler	24	static
../Core/Src/main.c:944:6:Task2_Handler	32	static
../Core/Src/main.c:969:6:Task3_Handler	16	static
../Core/Src/main.c:981:6:Task4_Handler	32	static
../Core/Src/main.c:1021:6:Task5_Handler	16	static
../Core/Src/main.c:1047:6:Task6_Handler	32	static
../Core/Src/main.c:1073:6:map	24	static
../Core/Src/main.c:1077:6:constrain	24	static
../Core/Src/main.c:1092:6:ignitionTask	8	static
../Core/Src/main.c:1121:6:setADCChannel	16	static
../Core/Src/main.c:1135:10:getADCAverage	40	static
../Core/Src/main.c:1204:10:getPrimaryThrottlePosition	16	static
../Core/Src/main.c:1209:10:getSecondaryThrottlePosition	16	static
../Core/Src/main.c:1214:6:primaryThrottleSensorErrorCheck	8	static
../Core/Src/main.c:1228:6:secondaryThrottleSensorErrorCheck	8	static
../Core/Src/main.c:1244:6:throttleSensorDeviationCheck	8	static
../Core/Src/main.c:1289:6:torqueRequest	24	static
../Core/Src/main.c:1324:6:HAL_TIM_PeriodElapsedCallback	16	static
../Core/Src/main.c:1341:6:Error_Handler	8	static,ignoring_inline_asm
